[clip] video: synthetic-1080p30-h264-20s-video-only.mp4 1920x1080 600 frames 7940 kb/s, 40 epochs
[clip] av: synthetic-1080p30-h264-aac-20s.mp4 1920x1080 600 frames 8138 kb/s, 40 epochs
[run] video tenzorpipe-default       ...    624.9 ms  (37s)
[run] video tenzorpipe-w1            ...   2990.6 ms  (170s)
[run] video tenzorpipe-w6            ...    888.2 ms  (52s)
[run] video tenzorpipe-auto          ...    631.0 ms  (37s)
[run] video tenzorpipe-v020-auto     ...   1030.9 ms  (60s)
[run] video ffmpeg-pipe              ...    530.7 ms  (31s)
[run] av    tenzorpipe-default       ...    687.5 ms  (40s)
[run] av    tenzorpipe-w1            ...   3010.0 ms  (172s)
[run] av    tenzorpipe-w6            ...    884.8 ms  (51s)
[run] av    tenzorpipe-auto          ...    683.5 ms  (40s)
[run] av    tenzorpipe-v020-auto     ...   1086.7 ms  (63s)
[run] av    ffmpeg-pipe              ...    608.7 ms  (35s)

=== VIDEO scenario: 1920x1080, 600 frames, 50 measured iterations ===

Contender             Decode            Audio  Latency ms (median)  p5–p95 ms      Source FPS  Epochs/s  Peak RSS MiB  RSS growth MiB  Child RSS MiB  VRAM torch MiB  VRAM NVML Δ MiB  CPU cores  Setup+cold s  Video MAE  Mel MAE
----------------------------------------------------------------------------------------------------------------------------------------------------------------------------------------------------------------------------------
tenzorpipe-default    CPU (OpenH264)    n/a    624.9                608.2–646.8    957         63.8      1077          496             496            0               0 (no CUDA)      8.78       1.85          0.0000     —      
tenzorpipe-w1         CPU (OpenH264)    n/a    2990.6               2950.0–3136.1  199         13.3      668           110             87             0               0 (no CUDA)      1.13       4.22          ref        —      
tenzorpipe-w6         CPU (OpenH264)    n/a    888.2                857.4–934.3    674         44.9      881           323             300            0               0 (no CUDA)      4.83       2.14          0.0000     —      
tenzorpipe-auto       CPU (OpenH264)    n/a    631.0                611.1–653.9    950         63.3      1078          520             497            0               0 (no CUDA)      8.75       1.86          0.0000     —      
tenzorpipe-v020-auto  CPU (OpenH264)    n/a    1030.9               1015.6–1060.2  580         38.7      1077          520             497            0               0 (no CUDA)      9.15       2.33          0.0000     —      
dali-nvdec            GPU (NVDEC)       n/a    441.7                440.2–445.6    1364        90.9      1074          0               —              46              822              0.42       2.23          0.0799     —      
torchcodec-cuda       GPU (NVDEC)       n/a    276.0                267.7–286.7    2173        144.8     1128          0               —              256             650              0.47       2.63          0.0047     —      
torchcodec-cpu        CPU (libavcodec)  n/a    2216.3               2190.1–2261.6  270         18.0      1005          281             —              0               0 (no CUDA)      1.31       4.30          0.0070     —      
ffmpeg-pipe           CPU (libavcodec)  n/a    530.7                521.7–545.7    1129        75.3      702           172             167            0               0 (no CUDA)      9.04       1.79          0.0466     —      
torchvision-read_video: SKIPPED — ImportError: cannot import name 'read_video' from 'torchvision.io' (/home/ftmon/.tenzor-bench/venv/lib/python3.12/site-packages/torchvision/io/__init__.py)

=== AV scenario: 1920x1080, 600 frames, 50 measured iterations ===

Contender             Decode            Audio               Latency ms (median)  p5–p95 ms      Source FPS  Epochs/s  Peak RSS MiB  RSS growth MiB  Child RSS MiB  VRAM torch MiB  VRAM NVML Δ MiB  CPU cores  Setup+cold s  Video MAE  Mel MAE
-----------------------------------------------------------------------------------------------------------------------------------------------------------------------------------------------------------------------------------------------
tenzorpipe-default    CPU (OpenH264)    Log-Mel             687.5                668.7–716.1    871         58.1      1081          523             500            0               0 (no CUDA)      8.26       1.92          0.0000     0.000  
tenzorpipe-w1         CPU (OpenH264)    Log-Mel             3010.0               2962.2–3152.5  197         13.1      674           115             92             0               0 (no CUDA)      1.17       4.28          ref        ref    
tenzorpipe-w6         CPU (OpenH264)    Log-Mel             884.8                846.0–936.7    675         45.0      885           327             303            0               0 (no CUDA)      4.98       2.10          0.0000     0.000  
tenzorpipe-auto       CPU (OpenH264)    Log-Mel             683.5                660.3–715.7    877         58.4      1081          523             499            0               0 (no CUDA)      8.30       1.89          0.0000     0.000  
tenzorpipe-v020-auto  CPU (OpenH264)    Log-Mel             1086.7               1052.4–1121.4  552         36.8      1081          523             500            0               0 (no CUDA)      8.89       2.28          0.0000     0.000  
dali-nvdec            GPU (NVDEC)       none (unsupported)  442.2                440.6–444.2    1367        91.2      1074          0               —              46              823              0.41       2.17          0.0799     —      
torchcodec-cuda       GPU (NVDEC)       Log-Mel             312.3                307.7–322.7    1912        127.5     1398          0               —              288             665              0.54       2.92          0.0047     0.014  
torchcodec-cpu        CPU (libavcodec)  Log-Mel             2318.0               2223.8–2372.6  260         17.3      1041          285             —              0               0 (no CUDA)      1.33       4.42          0.0070     0.014  
ffmpeg-pipe           CPU (libavcodec)  Log-Mel             608.7                580.8–635.2    985         65.6      732           168             168            0               0 (no CUDA)      10.63      1.68          0.0466     0.014  
torchvision-read_video: SKIPPED — ImportError: cannot import name 'read_video' from 'torchvision.io' (/home/ftmon/.tenzor-bench/venv/lib/python3.12/site-packages/torchvision/io/__init__.py)

wrote /mnt/c/Users/ftmon/TenzorPipe/tenzorpipe-v0.2.0/BENCHMARKS.md and /mnt/c/Users/ftmon/TenzorPipe/tenzorpipe-v0.2.0/bench/results/latest.json
