VERIFY baseline720.mp4 224
VERIFY high-bframes.mp4 160
VERIFY high-bframes.mp4 224
VERIFY high-bframes.mp4 336
VERIFY short.mp4 224
VERIFY silent-video.mp4 224
VERIFY wav-44100-2ch.wav 224
VERIFY wav-48000-2ch.wav 224
VERIFY wav-16000-1ch.wav 224
VERIFY wav-48000-6ch.wav 224
VERIFY audio-only.mp4 224
VERIFY color709.mp4 224
VERIFY fullrange.mp4 224
VERIFY sync-pulse.mp4 224
VERIFY aac-6ch.mp4 224
VERIFY tiny.wav 224
/workspace/scratch/0c25025c9e95/tenzorpipe/python/tenzor.py:62: UserWarning: The given NumPy array is not writable, and PyTorch does not support non-writable tensors. This means writing to this tensor will result in undefined behavior. You may want to copy the array to protect its data or make it writable before converting it to a tensor. This type of warning will be suppressed for the rest of this program. (Triggered internally at /__w/pytorch/pytorch/torch/csrc/utils/tensor_numpy.cpp:213.)
  "timestamp_ms": torch.from_numpy(rb.column("timestamp_ms").to_numpy(zero_copy_only=True)),
Traceback (most recent call last):
  File "/workspace/scratch/0c25025c9e95/tenzorpipe/scripts/test_matrix.py", line 27, in <module>
    d=TenzorDataset(str(p));n=0
      ^^^^^^^^^^^^^^^^^^^^^
  File "/workspace/scratch/0c25025c9e95/tenzorpipe/python/tenzor.py", line 22, in __init__
    self.reader = ipc.open_file(self.source)
                  ^^^^^^^^^^^^^^^^^^^^^^^^^^
  File "/root/.local/lib/python3.12/site-packages/pyarrow/ipc.py", line 229, in open_file
    return RecordBatchFileReader(
           ^^^^^^^^^^^^^^^^^^^^^^
  File "/root/.local/lib/python3.12/site-packages/pyarrow/ipc.py", line 115, in __init__
    self._open(source, footer_offset=footer_offset,
  File "pyarrow/ipc.pxi", line 1182, in pyarrow.lib._RecordBatchFileReader._open
  File "pyarrow/error.pxi", line 155, in pyarrow.lib.pyarrow_internal_check_status
  File "pyarrow/error.pxi", line 92, in pyarrow.lib.check_status
pyarrow.lib.ArrowInvalid: Not an Arrow file
