PASS high-bframes.mp4 160 0.05 99 66
PASS high-bframes.mp4 160 0.33 99 10
PASS high-bframes.mp4 160 0.5 99 7
PASS high-bframes.mp4 224 0.05 99 66
PASS high-bframes.mp4 224 0.33 99 10
PASS high-bframes.mp4 224 0.5 99 7
PASS high-bframes.mp4 336 0.05 99 66
PASS high-bframes.mp4 336 0.33 99 10
PASS high-bframes.mp4 336 0.5 99 7
PASS short.mp4 160 0.05 4 3
PASS short.mp4 160 0.33 4 1
PASS short.mp4 160 0.5 4 1
PASS short.mp4 224 0.05 4 3
PASS short.mp4 224 0.33 4 1
PASS short.mp4 224 0.5 4 1
PASS short.mp4 336 0.05 4 3
PASS short.mp4 336 0.33 4 1
PASS short.mp4 336 0.5 4 1
PASS selection-sparse.mp4 160 0.05 3 3
PASS selection-sparse.mp4 160 0.33 3 3
PASS selection-sparse.mp4 160 0.5 3 3
PASS selection-sparse.mp4 224 0.05 3 3
PASS selection-sparse.mp4 224 0.33 3 3
PASS selection-sparse.mp4 224 0.5 3 3
PASS selection-sparse.mp4 336 0.05 3 3
PASS selection-sparse.mp4 336 0.33 3 3
PASS selection-sparse.mp4 336 0.5 3 3
PASS selection-vfr.mp4 160 0.05 22 22
PASS selection-vfr.mp4 160 0.33 22 10
PASS selection-vfr.mp4 160 0.5 22 7
PASS selection-vfr.mp4 224 0.05 22 22
PASS selection-vfr.mp4 224 0.33 22 10
PASS selection-vfr.mp4 224 0.5 22 7
PASS selection-vfr.mp4 336 0.05 22 22
PASS selection-vfr.mp4 336 0.33 22 10
PASS selection-vfr.mp4 336 0.5 22 7
PASS baseline720.mp4 224 0.5 99 7
PASS silent-video.mp4 224 0.5 39 3
PASS color709.mp4 224 0.5 39 3
PASS fullrange.mp4 224 0.5 39 3
PASS sync-pulse.mp4 224 0.5 69 5
PASS 41 old/new exact-value comparisons
