0.05 OK  old 1 Error: decode AAC sample 55 | new 1 Error: decode AAC sample 55 0.13s
0.09 OK  old 1 Error: decode AAC sample 109 | new 1 Error: decode OpenH264 access unit 71 0.12s
0.13 OK  old 1 Error: decode AAC sample 163 | new 1 Error: decode OpenH264 access unit 106 0.16s
0.17 OK  old 1 Error: decode AAC sample 218 | new 1 Error: decode OpenH264 access unit 140 0.16s
0.21 OK  old 1 Error: decode AAC sample 279 | new 1 Error: decode AAC sample 279 0.39s
0.25 OK  old 1 Error: decode AAC sample 331 | new 1 Error: decode OpenH264 access unit 213 0.23s
0.28 OK  old 1 Error: decode OpenH264 access unit 248 | new 1 Error: decode OpenH264 access unit 248 0.20s
0.32 OK  old 1 Error: decode AAC sample 444 | new 1 Error: decode OpenH264 access unit 286 0.34s
0.36 OK  old 1 Error: decode OpenH264 access unit 319 | new 1 Error: decode OpenH264 access unit 319 0.34s
0.40 OK  old 1 Error: decode AAC sample 557 | new 1 Error: decode OpenH264 access unit 357 0.42s
0.44 OK  old 1 Error: decode OpenH264 access unit 394 | new 1 Error: decode OpenH264 access unit 394 0.37s
0.48 OK  old 1 Error: decode OpenH264 access unit 429 | new 1 Error: decode OpenH264 access unit 429 0.32s
0.52 OK  old 1 Error: decode OpenH264 access unit 463 | new 1 Error: decode OpenH264 access unit 463 0.44s
0.56 OK  old 1 Error: decode OpenH264 access unit 498 | new 1 Error: decode OpenH264 access unit 498 0.42s
0.60 OK  old 1 Error: decode AAC sample 836 | new 1 Error: decode OpenH264 access unit 535 0.50s
0.64 OK  old 1 Error: decode OpenH264 access unit 569 | new 1 Error: decode OpenH264 access unit 569 0.49s
0.68 OK  old 1 Error: decode OpenH264 access unit 602 | new 1 Error: decode OpenH264 access unit 602 0.48s
0.72 OK  old 1 Error: decode AAC sample 999 | new 1 Error: decode OpenH264 access unit 640 0.56s
0.75 OK  old 1 Error: decode AAC sample 1053 | new 1 Error: decode OpenH264 access unit 674 0.59s
0.79 OK  old 1 Error: decode OpenH264 access unit 713 | new 1 Error: decode OpenH264 access unit 713 0.64s
0.83 OK  old 1 Error: decode AAC sample 1168 | new 1 Error: invalid/truncated AVCC NAL payload 0.69s
0.87 OK  old 1 Error: decode OpenH264 access unit 784 | new 1 Error: decode OpenH264 access unit 784 0.64s
0.91 OK  old 1 Error: decode AAC sample 1276 | new 1 Error: decode OpenH264 access unit 818 0.71s
0.95 OK  old 1 Error: decode AAC sample 1327 | new 1 Error: decode OpenH264 access unit 851 0.70s
agree 24 /24
